---
source: fuel-core/src/chain_config.rs
assertion_line: 214
expression: json

---
{
  "chain_name": "local_testnet",
  "block_production": "Instant",
  "parent_network": {
    "type": "LocalTest"
  },
  "initial_state": {
    "height": "0x0000000014c8be1f"
  },
  "transaction_parameters": {
    "contract_max_size": 16777216,
    "max_inputs": 255,
    "max_outputs": 255,
    "max_witnesses": 255,
    "max_gas_per_tx": 100000000,
    "max_script_length": 1048576,
    "max_script_data_length": 1048576,
    "max_static_contracts": 255,
    "max_storage_slots": 255,
    "max_predicate_length": 1048576,
    "max_predicate_data_length": 1048576
  }
}
