---
source: fuel-core/src/chain_config.rs
expression: json

---
{
  "chain_name": "local_testnet",
  "block_production": "Instant",
  "parent_network": {
    "type": "LocalTest"
  },
  "initial_state": {
    "contracts": [
      {
        "code": "0x24400000",
        "salt": "0x0000000000000000000000000000000000000000000000000000000000000000",
        "balances": [
          [
            "0x61644a25da5ad31754e23bc1eca8c766a61ceaa8c60ddc65f158a30209256e35",
            "0xe46d13fb359a76c9"
          ]
        ]
      }
    ]
  }
}
