---
source: fuel-client/src/client/schema/chain.rs
assertion_line: 66
expression: operation.query
---
query Query {
  chain {
    baseChainHeight
    name
    peerCount
    latestBlock {
      height
      id
      time
      producer
      transactions {
        id
      }
    }
    consensusParameters {
      contractMaxSize
      maxInputs
      maxOutputs
      maxWitnesses
      maxGasPerTx
      maxScriptLength
      maxScriptDataLength
      maxStorageSlots
      maxPredicateLength
      maxPredicateDataLength
      gasPriceFactor
      gasPerByte
      maxMessageDataLength
    }
  }
}

