---
source: fuel-chain-config/src/config.rs
expression: json
---
{
  "chain_name": "local_testnet",
  "block_production": "Instant",
  "initial_state": {
    "height": "0x0000000014c8be1f"
  },
  "transaction_parameters": {
    "contract_max_size": 16777216,
    "max_inputs": 255,
    "max_outputs": 255,
    "max_witnesses": 255,
    "max_gas_per_tx": 100000000,
    "max_script_length": 1048576,
    "max_script_data_length": 1048576,
    "max_storage_slots": 255,
    "max_predicate_length": 1048576,
    "max_predicate_data_length": 1048576,
    "gas_price_factor": 1000000000,
    "gas_per_byte": 4,
    "max_message_data_length": 1048576
  }
}
