---
source: crates/client/src/client/schema/tx.rs
expression: operation.query
---
query($owner: Address!, $after: String, $before: String, $first: Int, $last: Int) {
  transactionsByOwner(owner: $owner, after: $after, before: $before, first: $first, last: $last) {
    edges {
      cursor
      node {
        rawPayload
        status {
          __typename
          ... on SubmittedStatus {
            time
          }
          ... on SuccessStatus {
            transactionId
            block {
              id
            }
            time
            programState {
              returnType
              data
            }
            receipts {
              param1
              param2
              amount
              assetId
              gas
              digest
              contract {
                id
              }
              is
              pc
              ptr
              ra
              rb
              rc
              rd
              reason
              receiptType
              to {
                id
              }
              toAddress
              val
              len
              result
              gasUsed
              data
              sender
              recipient
              nonce
              contractId
              subId
            }
          }
          ... on SqueezedOutStatus {
            reason
          }
          ... on FailureStatus {
            transactionId
            block {
              id
            }
            time
            reason
            programState {
              returnType
              data
            }
            receipts {
              param1
              param2
              amount
              assetId
              gas
              digest
              contract {
                id
              }
              is
              pc
              ptr
              ra
              rb
              rc
              rd
              reason
              receiptType
              to {
                id
              }
              toAddress
              val
              len
              result
              gasUsed
              data
              sender
              recipient
              nonce
              contractId
              subId
            }
          }
        }
      }
    }
    pageInfo {
      endCursor
      hasNextPage
      hasPreviousPage
      startCursor
    }
  }
}


