---
source: crates/client/src/client/schema/tx.rs
expression: query.query
---
mutation($tx: HexString!) {
  submit(tx: $tx) {
    id
  }
}


