---
source: crates/client/src/client/schema/storage_read_replay.rs
expression: query.query
---
query StorageReadReplay($height: U32!) {
  storageReadReplay(height: $height) {
    column
    key
    value
  }
}
