---
source: fuel-client/src/client/schema/coin.rs
expression: operation.query

---
query Query($_0: HexString256!, $_1: String, $_2: String, $_3: Int, $_4: Int) {
  coinsByOwner(owner: $_0, after: $_1, before: $_2, first: $_3, last: $_4) {
    edges {
      cursor
      node {
        amount
        blockCreated
        color
        id
        maturity
        owner
        status
      }
    }
    pageInfo {
      endCursor
      hasNextPage
      hasPreviousPage
      startCursor
    }
  }
}

