---
source: crates/chain-config/src/config/state/writer.rs
expression: encoded_json
---
{
  "coins": [],
  "messages": [],
  "contracts": [
    {
      "contract_id": "0101010101010101010101010101010101010101010101010101010101010101",
      "code": "0202020202020202020202020202020202020202020202020202020202020202",
      "salt": "0303030303030303030303030303030303030303030303030303030303030303",
      "tx_id": "0404040404040404040404040404040404040404040404040404040404040404",
      "output_index": 5,
      "tx_pointer_block_height": 6,
      "tx_pointer_tx_idx": 7
    }
  ],
  "contract_state": [],
  "contract_balance": [],
  "block_height": 0
}
