---
source: crates/chain-config/src/config/state/writer.rs
expression: encoded_json
---
{
  "coins": [
    {
      "tx_id": "9b07815f04497e2e05d22cac3aa061410b20868cc619154c42a1c61be9902717",
      "output_index": 3250,
      "tx_pointer_block_height": 1405935179,
      "tx_pointer_tx_idx": 35726,
      "owner": "c168fe4896f5b70ccb10f1a705e061d0fdfa189618d28b0d44efef92cbf44b58",
      "amount": 16206947779870322207,
      "asset_id": "222c10916b17a369b4da039d075952b58036f2a7b561446592403c672f0dbe12"
    },
    {
      "tx_id": "9f1e39113f9f6164ea2867f8deccf3c3c518f146de9554f03f27a83d5b1185f3",
      "output_index": 10142,
      "tx_pointer_block_height": 476225137,
      "tx_pointer_tx_idx": 52207,
      "owner": "357e2bd9e13962516b0a41403276437b25f0ffbe897cf476c0777e9d246ff397",
      "amount": 901131989421222986,
      "asset_id": "f1b350aa16c42ea0d7117b30c8c8436ce7a9254b30d253e4567ccafa5f36ce84"
    }
  ],
  "messages": [
    {
      "sender": "c80aa8bc9be64e0d5ae796884274aef3005ae6733809c8ec1d5b84dd6289e193",
      "recipient": "b9f88de4a994358c9f856135236c3e75a925e1c77ac34127c8baefbea0939f15",
      "nonce": "24712b4d37a020b28cdd32138ae34d22e6397af3a9a71e4efa1fbad16cb0cfaf",
      "amount": 18009871113071078878,
      "data": "2884858e83fa4146c34e4d5ca8f7f7dfaa083b1c11af4b844ff94b3fbef6e36b",
      "da_height": 14407604056361705041
    },
    {
      "sender": "a3ad4c5856fa686464524a876b463d1297603568c40e814d9d5396d23087a0fd",
      "recipient": "641e91e0e00df6c012cded9ef9ba5e5bf042464b5ca6488b897c005b2e17f00f",
      "nonce": "c0bc8e7ed3f2ab59d607b0e3586bda1cda4e42b4145b26fa35ea19d258b113d8",
      "amount": 8710761994859176931,
      "data": "2bca2aa612b304ece5b25988818dd7234e049913233eb918c11638af89d575be",
      "da_height": 13053614869271975353
    }
  ],
  "blobs": [
    {
      "blob_id": "8acdb0431a136a5c0c100271704144e34aebe82cb426ced41461224e7798bceb",
      "payload": "d32d676c0ac47af4243e53915a314986c779af574aaf987302fc76b2e205b24e6e2b"
    },
    {
      "blob_id": "fb57963e95792ded6eed1ddbf40329cc6bdcb91decb9042aba6385216d8c07e2",
      "payload": "cb83691e8057f9e3ee966b281b5843029c002ea90022143aa9a8711d331894e545abb4a5ce6e6ae85ffb107712e030ddbe3a50f6a93ec455ff76b489e0f68a8a47ee42"
    }
  ],
  "contracts": [
    {
      "contract_id": "6b97a1efc738a7508436290b7495f2fed59d0454463c189bb56cf0996c6acb1a",
      "code": "48d6696c30631735193aea95b8f9082c10620c0d6e3fc9596b4538d0dc24bec3",
      "tx_id": "1a6742c537f2bb32473b01b1dcb1caac942722a4787bb185e4791916926e5fdb",
      "output_index": 8485,
      "tx_pointer_block_height": 758127325,
      "tx_pointer_tx_idx": 50052,
      "states": [
        {
          "key": "71bb3e4634561f8892e604021ab96b632eafa229ec3dd885442b44972526c4e8",
          "value": "ce25a0416c3955d818bb1ab0e832877d628233e3e1d64f76b71a80ec4f332f4d"
        }
      ],
      "balances": [
        {
          "asset_id": "2f736ab973e87f53b4857842789a1dd59167629b3c5cabe47dbf48827ec0818e",
          "amount": 2760603075432636416
        }
      ]
    },
    {
      "contract_id": "86cc533ae2e5151fa164130012dd3f09e8861767739da0c536da6da933caf851",
      "code": "4b297f047c3beda43d6e9f9b1b1bc44cdfce3574e7f7f0b2de2323a06ebc356b",
      "tx_id": "aa291871f4b9d120f76583a1da5d1123f2b8a0ac606b940a66e42efd782af520",
      "output_index": 561,
      "tx_pointer_block_height": 3943236114,
      "tx_pointer_tx_idx": 63027,
      "states": [
        {
          "key": "ad614726b313d811012d4be723755687120a7c6df2389c373c8fbe06bda7a611",
          "value": "20652668dd5687fee73fac7a2c564da689e9da76e1430d191fbc937d42f74104"
        }
      ],
      "balances": [
        {
          "asset_id": "1adc2ed6f402dca396bfe6dfa3ac8a57ea08860870fd515cf7ca6afb887dd1e0",
          "amount": 504295306752149147
        }
      ]
    }
  ],
  "last_block": {
    "block_height": 1958882788,
    "da_block_height": 7511963279655444049,
    "consensus_parameters_version": 3579832892,
    "state_transition_version": 1138407478,
    "blocks_root": "4076623c0231898be0722c08e4eb229c44cb957d29cf7370af8a1b9c542d49b3"
  }
}
