---
source: crates/chain-config/src/config/state/writer.rs
expression: encoded_json
---
{
  "coins": [],
  "messages": [
    {
      "sender": "0101010101010101010101010101010101010101010101010101010101010101",
      "recipient": "0202020202020202020202020202020202020202020202020202020202020202",
      "nonce": "0303030303030303030303030303030303030303030303030303030303030303",
      "amount": 4,
      "data": "0505050505050505050505050505050505050505050505050505050505050505",
      "da_height": 6
    }
  ],
  "contracts": [],
  "contract_state": [],
  "contract_balance": [],
  "block_height": 0
}
