---
source: fuel-indexer/schema/src/lib.rs
expression: addr.query_fragment()

---
"'1212121212121212121212121212121212121212121212121212121212121212'"

