---
source: fuel-indexer/schema/src/lib.rs
assertion_line: 222
expression: uint64.query_fragment()

---
"8680820740569200760"

